## Consumer 
Display simple messages:

kafka-console-consumer --bootstrap-server localhost:9092 --topic test 

Consume old messages:

In order to see older messages, you can use the --from-beginning option.

Display key-value messages:

kafka-console-consumer  --bootstrap-server localhost:9092 --topic test-topic \
    --property print.key=true \
    --property key.separator=, 

Producer


## 
Send simple string messages to a topic:

kafka-console-producer --broker-list localhost:9092 --topic test
here is a message
here is another message
^D

(each new line is a new message, type ctrl+D or ctrl+C to stop)

Send messages with keys:

kafka-console-producer --broker-list localhost:9092 --topic test-topic \
        --property parse.key=true \
        --property key.separator=,
key 1, message 1
key 2, message 2
null, message 3



# Produce a message using JSON with the value '{ "foo": "bar" }' to the topic jsontest
$ curl -X POST -H "Content-Type: application/vnd.kafka.json.v2+json" \
      -H "Accept: application/vnd.kafka.v2+json" \
      --data '{"records":[{"value":{"foo":"bar"}}]}' "http://localhost:8082/topics/jsontest"
  {"offsets":[{"partition":0,"offset":0,"error_code":null,"error":null}],"key_schema_id":null,"value_schema_id":null}

# Create a consumer for JSON data, starting at the beginning of the topic's
# log and subscribe to a topic. Then consume some data using the base URL in the first response.
# Finally, close the consumer with a DELETE to make it leave the group and clean up
# its resources.
$ curl -X POST -H "Content-Type: application/vnd.kafka.v2+json" \
      --data '{"name": "my_consumer_instance", "format": "json", "auto.offset.reset": "earliest"}' \
      http://localhost:8082/consumers/my_json_consumer
  {"instance_id":"my_consumer_instance",
  "base_uri":"http://localhost:8082/consumers/my_json_consumer/instances/my_consumer_instance"}

$ curl -X POST -H "Content-Type: application/vnd.kafka.v2+json" --data '{"topics":["jsontest"]}' \
 http://localhost:8082/consumers/my_json_consumer/instances/my_consumer_instance/subscription
 # No content in response

$ curl -X GET -H "Accept: application/vnd.kafka.json.v2+json" \
      http://localhost:8082/consumers/my_json_consumer/instances/my_consumer_instance/records
  [{"key":null,"value":{"foo":"bar"},"partition":0,"offset":0,"topic":"jsontest"}]

$ curl -X DELETE -H "Content-Type: application/vnd.kafka.v2+json" \
      http://localhost:8082/consumers/my_json_consumer/instances/my_consumer_instance
  # No content in response
